Node 0 MemTotal:       131957696 kB
Node 0 MemFree:        94285008 kB
Node 0 MemUsed:        37672688 kB
Node 0 SwapCached:            0 kB
Node 0 Active:          4862536 kB
Node 0 Inactive:       28631124 kB
Node 0 Active(anon):       1752 kB
Node 0 Inactive(anon):  4660988 kB
Node 0 Active(file):    4860784 kB
Node 0 Inactive(file): 23970136 kB
Node 0 Unevictable:       33832 kB
Node 0 Mlocked:           33832 kB
Node 0 Dirty:              1004 kB
Node 0 Writeback:             0 kB
Node 0 FilePages:      28828704 kB
Node 0 Mapped:           366024 kB
Node 0 AnonPages:       4698932 kB
Node 0 Shmem:              3424 kB
Node 0 KernelStack:       16432 kB
Node 0 PageTables:        26204 kB
Node 0 NFS_Unstable:          0 kB
Node 0 Bounce:                0 kB
Node 0 WritebackTmp:          0 kB
Node 0 KReclaimable:    1051080 kB
Node 0 Slab:            1338996 kB
Node 0 SReclaimable:    1051080 kB
Node 0 SUnreclaim:       287916 kB
Node 0 AnonHugePages:         0 kB
Node 0 ShmemHugePages:        0 kB
Node 0 ShmemPmdMapped:        0 kB
Node 0 FileHugePages:        0 kB
Node 0 FilePmdMapped:        0 kB
Node 0 HugePages_Total:     0
Node 0 HugePages_Free:      0
Node 0 HugePages_Surp:      0
